[INFO] Scanning for projects...
[INFO] 
[INFO] ------------------------------< tpa:tpa >-------------------------------
[INFO] Building tpa 0.0.1-SNAPSHOT
[INFO]   from pom.xml
[INFO] --------------------------------[ jar ]---------------------------------
[INFO] 
[INFO] --- clean:3.5.0:clean (default-clean) @ tpa ---
[INFO] Deleting C:\Users\mithun\IdeaProjects\tpa\target
[INFO] 
[INFO] --- resources:3.3.1:resources (default-resources) @ tpa ---
[INFO] Copying 2 resources from src\main\resources to target\classes
[INFO] Copying 1 resource from src\main\resources to target\classes
[INFO] 
[INFO] --- compiler:3.14.1:compile (default-compile) @ tpa ---
[INFO] Recompiling the module because of changed source code.
[INFO] Compiling 129 source files with javac [debug parameters release 25] to target\classes
.\mvnw.cmd : WARNING: A terminally deprecated method in sun.misc.Unsafe has been called
At line:1 char:52
+ ...  Files\Java\jdk-25.0.2"; .\mvnw.cmd clean test 2>&1 > test_output.txt
+                              ~~~~~~~~~~~~~~~~~~~~~~~~~~~~~~~~~~~~~~~~~~~~
    + CategoryInfo          : NotSpecified: (WARNING: A term...has been called:String) [], RemoteException
    + FullyQualifiedErrorId : NativeCommandError
 
WARNING: sun.misc.Unsafe::objectFieldOffset has been called by lombok.permit.Permit
WARNING: Please consider reporting this to the maintainers of class lombok.permit.Permit
WARNING: sun.misc.Unsafe::objectFieldOffset will be removed in a future release
[WARNING] /C:/Users/mithun/IdeaProjects/tpa/src/main/java/com/tpa/mapper/UserMapper.java:[13,10] Unmapped target properties: "id, userRole, userStatus, createdAt".
[WARNING] /C:/Users/mithun/IdeaProjects/tpa/src/main/java/com/tpa/mapper/CustomerMapper.java:[13,14] Unmapped target properties: "id, user".
[WARNING] /C:/Users/mithun/IdeaProjects/tpa/src/main/java/com/tpa/mapper/CustomerMapper.java:[15,22] Unmapped target properties: "name, email, mobile, gender, dateOfBirth, address, customerRole, customerStatus, createdAt".
[WARNING] /C:/Users/mithun/IdeaProjects/tpa/src/main/java/com/tpa/mapper/PatientMapper.java:[13,13] Unmapped target properties: "id, user".
[WARNING] /C:/Users/mithun/IdeaProjects/tpa/src/main/java/com/tpa/mapper/PatientMapper.java:[15,21] Unmapped target properties: "patientName, email, phoneNumber, dateOfBirth, gender, address, status".
[WARNING] /C:/Users/mithun/IdeaProjects/tpa/src/main/java/com/tpa/config/RedisConfig.java:[34,46] org.springframework.data.redis.serializer.GenericJackson2JsonRedisSerializer in org.springframework.data.redis.serializer has been deprecated and marked for removal
[WARNING] /C:/Users/mithun/IdeaProjects/tpa/src/main/java/com/tpa/config/RedisConfig.java:[35,50] org.springframework.data.redis.serializer.GenericJackson2JsonRedisSerializer in org.springframework.data.redis.serializer has been deprecated and marked for removal
[WARNING] /C:/Users/mithun/IdeaProjects/tpa/src/main/java/com/tpa/config/RedisConfig.java:[36,48] org.springframework.data.redis.serializer.GenericJackson2JsonRedisSerializer in org.springframework.data.redis.serializer has been deprecated and marked for removal
[INFO] /C:/Users/mithun/IdeaProjects/tpa/src/main/java/com/tpa/security/JwtUtil.java: Some input files use or override a deprecated API.
[INFO] /C:/Users/mithun/IdeaProjects/tpa/src/main/java/com/tpa/security/JwtUtil.java: Recompile with -Xlint:deprecation for details.
[INFO] 
[INFO] --- resources:3.3.1:testResources (default-testResources) @ tpa ---
[INFO] Copying 2 resources from src\test\resources to target\test-classes
[INFO] 
[INFO] --- compiler:3.14.1:testCompile (default-testCompile) @ tpa ---
[INFO] Recompiling the module because of changed dependency.
[INFO] Compiling 27 source files with javac [debug parameters release 25] to target\test-classes
[INFO] /C:/Users/mithun/IdeaProjects/tpa/src/test/java/com/tpa/service/impl/ClaimServiceImplTest.java: C:\Users\mithun\IdeaProjects\tpa\src\test\java\com\tpa\service\impl\ClaimServiceImplTest.java uses unchecked or unsafe operations.
[INFO] /C:/Users/mithun/IdeaProjects/tpa/src/test/java/com/tpa/service/impl/ClaimServiceImplTest.java: Recompile with -Xlint:unchecked for details.
[INFO] -------------------------------------------------------------
[ERROR] COMPILATION ERROR : 
[INFO] -------------------------------------------------------------
[ERROR] /C:/Users/mithun/IdeaProjects/tpa/src/test/java/com/tpa/service/impl/AiClaimAssistantServiceImplTest.java:[173,74] cannot find symbol
  symbol:   variable MANUAL_REVIEW
  location: class com.tpa.enums.Verdict
[ERROR] /C:/Users/mithun/IdeaProjects/tpa/src/test/java/com/tpa/service/impl/AiClaimAssistantServiceImplTest.java:[188,74] cannot find symbol
  symbol:   variable MANUAL_REVIEW
  location: class com.tpa.enums.Verdict
[INFO] 2 errors 
[INFO] -------------------------------------------------------------
[INFO] ------------------------------------------------------------------------
[INFO] BUILD FAILURE
[INFO] ------------------------------------------------------------------------
[INFO] Total time:  11.567 s
[INFO] Finished at: 2026-04-27T09:11:30+05:30
[INFO] ------------------------------------------------------------------------
[ERROR] Failed to execute goal org.apache.maven.plugins:maven-compiler-plugin:3.14.1:testCompile (default-testCompile) on project tpa: Compilation failure: Compilation failure: 
[ERROR] /C:/Users/mithun/IdeaProjects/tpa/src/test/java/com/tpa/service/impl/AiClaimAssistantServiceImplTest.java:[173,74] cannot find symbol
[ERROR]   symbol:   variable MANUAL_REVIEW
[ERROR]   location: class com.tpa.enums.Verdict
[ERROR] /C:/Users/mithun/IdeaProjects/tpa/src/test/java/com/tpa/service/impl/AiClaimAssistantServiceImplTest.java:[188,74] cannot find symbol
[ERROR]   symbol:   variable MANUAL_REVIEW
[ERROR]   location: class com.tpa.enums.Verdict
[ERROR] -> [Help 1]
[ERROR] 
[ERROR] To see the full stack trace of the errors, re-run Maven with the -e switch.
[ERROR] Re-run Maven using the -X switch to enable full debug logging.
[ERROR] 
[ERROR] For more information about the errors and possible solutions, please read the following articles:
[ERROR] [Help 1] http://cwiki.apache.org/confluence/display/MAVEN/MojoFailureException
